// Jest Snapshot v1, https://goo.gl/fbAQLP

exports[`Hello snapshot 1`] = `
<span
  data-testid="hello-1"
>
   Hi, stranger 
</span>
`;
